bool(true)
array(1) {
  ["foo"]=>
  string(3) "bar"
}
bool(true)
array(0) {
}