string(27) "B::func2: This should work!"
string(27) "B::func3: This should work!"

Warning: call_user_func_array() expects parameter 1 to be a valid callback, class 'C' does not have a method 'inexistent' in /home/php-src/php-7.2.1/Zend/tests/bug48770_3.php on line 22