Fatal error: Uncaught BadMethodCallException: phar "/home/php-src/php-7.2.1/ext/phar/tests/bug69958.tar" exists and must be unlinked prior to conversion in /home/php-src/php-7.2.1/ext/phar/tests/bug69958.php:3
Stack trace:
#0 /home/php-src/php-7.2.1/ext/phar/tests/bug69958.php(3): PharData->convertToData(2)
#1 {main}
  thrown in /home/php-src/php-7.2.1/ext/phar/tests/bug69958.php on line 3