*** Testing open_basedir configuration [linkinfo] ***
bool(true)
bool(true)
bool(true)
bool(true)
bool(true)
int(2049)
int(2049)
int(2049)
int(2049)
int(2049)

Warning: symlink(): open_basedir restriction in effect. File(/home/php-src/php-7.2.1/tests/security/test/bad/bad.txt) is not within the allowed path(s): (.) in /home/php-src/php-7.2.1/tests/security/open_basedir_linkinfo.php on line 24
bool(false)
int(2049)

Warning: unlink(): open_basedir restriction in effect. File(/home/php-src/php-7.2.1/tests/security/test/ok/symlink.txt) is not within the allowed path(s): (.) in /home/php-src/php-7.2.1/tests/security/open_basedir_linkinfo.php on line 26
bool(false)
*** Finished testing open_basedir configuration [linkinfo] ***