sh: 1: -F: not found

Warning: fsockopen(): unable to connect to 127.0.0.1:9008 (Connection refused) in /home/php-src/php-7.2.1/sapi/fpm/tests/fcgi.inc on line 255
Dynamic error

Warning: fsockopen(): unable to connect to 127.0.0.1:9009 (Connection refused) in /home/php-src/php-7.2.1/sapi/fpm/tests/fcgi.inc on line 255
OnDemand error

Warning: fsockopen(): unable to connect to 127.0.0.1:9010 (Connection refused) in /home/php-src/php-7.2.1/sapi/fpm/tests/fcgi.inc on line 255
Static error