sh: 1: -F: not found

Warning: fsockopen(): unable to connect to 127.0.0.1:9008 (Connection refused) in /home/php-src/php-7.2.1/sapi/fpm/tests/fcgi.inc on line 255
Ping error
File php-fpm.acc.tmp missing
File php-fpm.slw.tmp missing

Warning: readfile(/home/php-src/php-7.2.1/sapi/fpm/tests/php-fpm.acc.tmp): failed to open stream: No such file or directory in /home/php-src/php-7.2.1/sapi/fpm/tests/020.php on line 47