Warning: session_decode(): Failed to decode session object. Session has been destroyed in /home/php-src/php-7.2.1/ext/standard/tests/serialize/bug70219.php on line 9

Notice: unserialize(): Error at offset 55 of 56 bytes in /home/php-src/php-7.2.1/ext/standard/tests/serialize/bug70219.php on line 16
bool(false)